------------------------------------------------------------
TimeQuest Timing Analyzer Summary
------------------------------------------------------------

Type  : Slow 1200mV 85C Model Setup 'comm_pll_inst|altpll_component|auto_generated|pll1|clk[1]'
Slack : 86.400
TNS   : 0.000

Type  : Slow 1200mV 85C Model Setup 'comm_pll_inst|altpll_component|auto_generated|pll1|clk[0]'
Slack : 95.436
TNS   : 0.000

Type  : Slow 1200mV 85C Model Setup 'adc_pll_inst|altpll_component|auto_generated|pll1|clk[0]'
Slack : 153.585
TNS   : 0.000

Type  : Slow 1200mV 85C Model Hold 'adc_pll_inst|altpll_component|auto_generated|pll1|clk[0]'
Slack : 0.356
TNS   : 0.000

Type  : Slow 1200mV 85C Model Hold 'comm_pll_inst|altpll_component|auto_generated|pll1|clk[0]'
Slack : 0.357
TNS   : 0.000

Type  : Slow 1200mV 85C Model Hold 'comm_pll_inst|altpll_component|auto_generated|pll1|clk[1]'
Slack : 0.357
TNS   : 0.000

Type  : Slow 1200mV 85C Model Recovery 'adc_pll_inst|altpll_component|auto_generated|pll1|clk[0]'
Slack : 153.977
TNS   : 0.000

Type  : Slow 1200mV 85C Model Removal 'adc_pll_inst|altpll_component|auto_generated|pll1|clk[0]'
Slack : 1.783
TNS   : 0.000

Type  : Slow 1200mV 85C Model Minimum Pulse Width 'clk_50MHz'
Slack : 9.747
TNS   : 0.000

Type  : Slow 1200mV 85C Model Minimum Pulse Width 'comm_pll_inst|altpll_component|auto_generated|pll1|clk[0]'
Slack : 99.738
TNS   : 0.000

Type  : Slow 1200mV 85C Model Minimum Pulse Width 'adc_pll_inst|altpll_component|auto_generated|pll1|clk[0]'
Slack : 156.002
TNS   : 0.000

Type  : Slow 1200mV 85C Model Minimum Pulse Width 'comm_pll_inst|altpll_component|auto_generated|pll1|clk[1]'
Slack : 249.747
TNS   : 0.000

Type  : Slow 1200mV 0C Model Setup 'comm_pll_inst|altpll_component|auto_generated|pll1|clk[1]'
Slack : 87.815
TNS   : 0.000

Type  : Slow 1200mV 0C Model Setup 'comm_pll_inst|altpll_component|auto_generated|pll1|clk[0]'
Slack : 95.843
TNS   : 0.000

Type  : Slow 1200mV 0C Model Setup 'adc_pll_inst|altpll_component|auto_generated|pll1|clk[0]'
Slack : 153.843
TNS   : 0.000

Type  : Slow 1200mV 0C Model Hold 'adc_pll_inst|altpll_component|auto_generated|pll1|clk[0]'
Slack : 0.311
TNS   : 0.000

Type  : Slow 1200mV 0C Model Hold 'comm_pll_inst|altpll_component|auto_generated|pll1|clk[0]'
Slack : 0.311
TNS   : 0.000

Type  : Slow 1200mV 0C Model Hold 'comm_pll_inst|altpll_component|auto_generated|pll1|clk[1]'
Slack : 0.311
TNS   : 0.000

Type  : Slow 1200mV 0C Model Recovery 'adc_pll_inst|altpll_component|auto_generated|pll1|clk[0]'
Slack : 154.207
TNS   : 0.000

Type  : Slow 1200mV 0C Model Removal 'adc_pll_inst|altpll_component|auto_generated|pll1|clk[0]'
Slack : 1.633
TNS   : 0.000

Type  : Slow 1200mV 0C Model Minimum Pulse Width 'clk_50MHz'
Slack : 9.709
TNS   : 0.000

Type  : Slow 1200mV 0C Model Minimum Pulse Width 'comm_pll_inst|altpll_component|auto_generated|pll1|clk[0]'
Slack : 99.742
TNS   : 0.000

Type  : Slow 1200mV 0C Model Minimum Pulse Width 'adc_pll_inst|altpll_component|auto_generated|pll1|clk[0]'
Slack : 155.997
TNS   : 0.000

Type  : Slow 1200mV 0C Model Minimum Pulse Width 'comm_pll_inst|altpll_component|auto_generated|pll1|clk[1]'
Slack : 249.743
TNS   : 0.000

Type  : Fast 1200mV 0C Model Setup 'comm_pll_inst|altpll_component|auto_generated|pll1|clk[1]'
Slack : 92.155
TNS   : 0.000

Type  : Fast 1200mV 0C Model Setup 'comm_pll_inst|altpll_component|auto_generated|pll1|clk[0]'
Slack : 97.089
TNS   : 0.000

Type  : Fast 1200mV 0C Model Setup 'adc_pll_inst|altpll_component|auto_generated|pll1|clk[0]'
Slack : 154.719
TNS   : 0.000

Type  : Fast 1200mV 0C Model Hold 'adc_pll_inst|altpll_component|auto_generated|pll1|clk[0]'
Slack : 0.185
TNS   : 0.000

Type  : Fast 1200mV 0C Model Hold 'comm_pll_inst|altpll_component|auto_generated|pll1|clk[0]'
Slack : 0.186
TNS   : 0.000

Type  : Fast 1200mV 0C Model Hold 'comm_pll_inst|altpll_component|auto_generated|pll1|clk[1]'
Slack : 0.186
TNS   : 0.000

Type  : Fast 1200mV 0C Model Recovery 'adc_pll_inst|altpll_component|auto_generated|pll1|clk[0]'
Slack : 154.919
TNS   : 0.000

Type  : Fast 1200mV 0C Model Removal 'adc_pll_inst|altpll_component|auto_generated|pll1|clk[0]'
Slack : 0.988
TNS   : 0.000

Type  : Fast 1200mV 0C Model Minimum Pulse Width 'clk_50MHz'
Slack : 9.416
TNS   : 0.000

Type  : Fast 1200mV 0C Model Minimum Pulse Width 'comm_pll_inst|altpll_component|auto_generated|pll1|clk[0]'
Slack : 99.749
TNS   : 0.000

Type  : Fast 1200mV 0C Model Minimum Pulse Width 'adc_pll_inst|altpll_component|auto_generated|pll1|clk[0]'
Slack : 156.020
TNS   : 0.000

Type  : Fast 1200mV 0C Model Minimum Pulse Width 'comm_pll_inst|altpll_component|auto_generated|pll1|clk[1]'
Slack : 249.781
TNS   : 0.000

------------------------------------------------------------
