Flow report for DE0_myfirstfpga
Thu Sep 01 11:37:55 2016
Quartus Prime Version 16.0.0 Build 211 04/27/2016 SJ Lite Edition


---------------------
; Table of Contents ;
---------------------
  1. Legal Notice
  2. Flow Summary
  3. Flow Settings
  4. Flow Non-Default Global Settings
  5. Flow Elapsed Time
  6. Flow OS Summary
  7. Flow Log
  8. Flow Messages
  9. Flow Suppressed Messages



----------------
; Legal Notice ;
----------------
Copyright (C) 1991-2016 Altera Corporation. All rights reserved.
Your use of Altera Corporation's design tools, logic functions 
and other software and tools, and its AMPP partner logic 
functions, and any output files from any of the foregoing 
(including device programming or simulation files), and any 
associated documentation or information are expressly subject 
to the terms and conditions of the Altera Program License 
Subscription Agreement, the Altera Quartus Prime License Agreement,
the Altera MegaCore Function License Agreement, or other 
applicable license agreement, including, without limitation, 
that your use is for the sole purpose of programming logic 
devices manufactured by Altera and sold by Altera or its 
authorized distributors.  Please refer to the applicable 
agreement for further details.



+----------------------------------------------------------------------------------+
; Flow Summary                                                                     ;
+------------------------------------+---------------------------------------------+
; Flow Status                        ; Successful - Thu Sep 01 11:37:55 2016       ;
; Quartus Prime Version              ; 16.0.0 Build 211 04/27/2016 SJ Lite Edition ;
; Revision Name                      ; DE0_myfirstfpga                             ;
; Top-level Entity Name              ; DE0_myfirstfpga                             ;
; Family                             ; Cyclone IV E                                ;
; Device                             ; EP4CE22F17C6                                ;
; Timing Models                      ; Final                                       ;
; Total logic elements               ; 869 / 22,320 ( 4 % )                        ;
;     Total combinational functions  ; 844 / 22,320 ( 4 % )                        ;
;     Dedicated logic registers      ; 492 / 22,320 ( 2 % )                        ;
; Total registers                    ; 492                                         ;
; Total pins                         ; 51 / 154 ( 33 % )                           ;
; Total virtual pins                 ; 0                                           ;
; Total memory bits                  ; 524,288 / 608,256 ( 86 % )                  ;
; Embedded Multiplier 9-bit elements ; 0 / 132 ( 0 % )                             ;
; Total PLLs                         ; 2 / 4 ( 50 % )                              ;
+------------------------------------+---------------------------------------------+


+-----------------------------------------+
; Flow Settings                           ;
+-------------------+---------------------+
; Option            ; Setting             ;
+-------------------+---------------------+
; Start date & time ; 09/01/2016 11:37:23 ;
; Main task         ; Compilation         ;
; Revision Name     ; DE0_myfirstfpga     ;
+-------------------+---------------------+


+----------------------------------------------------------------------------------------------------------------------------+
; Flow Non-Default Global Settings                                                                                           ;
+-------------------------------------+---------------------------------------+---------------+-------------+----------------+
; Assignment Name                     ; Value                                 ; Default Value ; Entity Name ; Section Id     ;
+-------------------------------------+---------------------------------------+---------------+-------------+----------------+
; COMPILER_SIGNATURE_ID               ; 203178705393201.147275504310360       ; --            ; --          ; --             ;
; EDA_OUTPUT_DATA_FORMAT              ; Vhdl                                  ; --            ; --          ; eda_simulation ;
; EDA_SIMULATION_TOOL                 ; ModelSim-Altera (VHDL)                ; <None>        ; --          ; --             ;
; MAX_CORE_JUNCTION_TEMP              ; 85                                    ; --            ; --          ; --             ;
; MIN_CORE_JUNCTION_TEMP              ; 0                                     ; --            ; --          ; --             ;
; MISC_FILE                           ; onchip_memory.bsf                     ; --            ; --          ; --             ;
; MISC_FILE                           ; onchip_memory.cmp                     ; --            ; --          ; --             ;
; MISC_FILE                           ; comm_pll.bsf                          ; --            ; --          ; --             ;
; MISC_FILE                           ; comm_pll.cmp                          ; --            ; --          ; --             ;
; MISC_FILE                           ; comm_pll.ppf                          ; --            ; --          ; --             ;
; MISC_FILE                           ; dac_pll.bsf                           ; --            ; --          ; --             ;
; MISC_FILE                           ; dac_pll.cmp                           ; --            ; --          ; --             ;
; MISC_FILE                           ; dac_pll.ppf                           ; --            ; --          ; --             ;
; MISC_FILE                           ; adc_pll.bsf                           ; --            ; --          ; --             ;
; MISC_FILE                           ; adc_pll.cmp                           ; --            ; --          ; --             ;
; MISC_FILE                           ; adc_pll.ppf                           ; --            ; --          ; --             ;
; OUTPUT_IO_TIMING_FAR_END_VMEAS      ; Half Signal Swing                     ; --            ; --          ; --             ;
; OUTPUT_IO_TIMING_FAR_END_VMEAS      ; Half Signal Swing                     ; --            ; --          ; --             ;
; OUTPUT_IO_TIMING_NEAR_END_VMEAS     ; Half Vccio                            ; --            ; --          ; --             ;
; OUTPUT_IO_TIMING_NEAR_END_VMEAS     ; Half Vccio                            ; --            ; --          ; --             ;
; PARTITION_COLOR                     ; 16764057                              ; --            ; --          ; Top            ;
; PARTITION_FITTER_PRESERVATION_LEVEL ; PLACEMENT_AND_ROUTING                 ; --            ; --          ; Top            ;
; PARTITION_NETLIST_TYPE              ; SOURCE                                ; --            ; --          ; Top            ;
; POWER_BOARD_THERMAL_MODEL           ; None (CONSERVATIVE)                   ; --            ; --          ; --             ;
; POWER_PRESET_COOLING_SOLUTION       ; 23 MM HEAT SINK WITH 200 LFPM AIRFLOW ; --            ; --          ; --             ;
; PROJECT_OUTPUT_DIRECTORY            ; output_files                          ; --            ; --          ; --             ;
+-------------------------------------+---------------------------------------+---------------+-------------+----------------+


+-------------------------------------------------------------------------------------------------------------------------------+
; Flow Elapsed Time                                                                                                             ;
+---------------------------+--------------+-------------------------+---------------------+------------------------------------+
; Module Name               ; Elapsed Time ; Average Processors Used ; Peak Virtual Memory ; Total CPU Time (on all processors) ;
+---------------------------+--------------+-------------------------+---------------------+------------------------------------+
; Analysis & Synthesis      ; 00:00:13     ; 1.0                     ; 879 MB              ; 00:00:24                           ;
; Fitter                    ; 00:00:08     ; 1.0                     ; 1140 MB             ; 00:00:09                           ;
; Assembler                 ; 00:00:01     ; 1.0                     ; 740 MB              ; 00:00:01                           ;
; TimeQuest Timing Analyzer ; 00:00:03     ; 1.0                     ; 834 MB              ; 00:00:03                           ;
; EDA Netlist Writer        ; 00:00:02     ; 1.0                     ; 725 MB              ; 00:00:02                           ;
; Total                     ; 00:00:27     ; --                      ; --                  ; 00:00:39                           ;
+---------------------------+--------------+-------------------------+---------------------+------------------------------------+


+----------------------------------------------------------------------------------------+
; Flow OS Summary                                                                        ;
+---------------------------+------------------+-----------+------------+----------------+
; Module Name               ; Machine Hostname ; OS Name   ; OS Version ; Processor type ;
+---------------------------+------------------+-----------+------------+----------------+
; Analysis & Synthesis      ; phys-degenerate  ; Windows 7 ; 6.1        ; x86_64         ;
; Fitter                    ; phys-degenerate  ; Windows 7 ; 6.1        ; x86_64         ;
; Assembler                 ; phys-degenerate  ; Windows 7 ; 6.1        ; x86_64         ;
; TimeQuest Timing Analyzer ; phys-degenerate  ; Windows 7 ; 6.1        ; x86_64         ;
; EDA Netlist Writer        ; phys-degenerate  ; Windows 7 ; 6.1        ; x86_64         ;
+---------------------------+------------------+-----------+------------+----------------+


------------
; Flow Log ;
------------
quartus_map --read_settings_files=on --write_settings_files=off DE0_12bitDAC_controller -c DE0_myfirstfpga
quartus_fit --read_settings_files=off --write_settings_files=off DE0_12bitDAC_controller -c DE0_myfirstfpga
quartus_asm --read_settings_files=off --write_settings_files=off DE0_12bitDAC_controller -c DE0_myfirstfpga
quartus_sta DE0_12bitDAC_controller -c DE0_myfirstfpga
quartus_eda --read_settings_files=off --write_settings_files=off DE0_12bitDAC_controller -c DE0_myfirstfpga



